###############################################################################
#
# IAR ELF Linker V7.70.1.11437/W32 for ARM                22/Aug/2016  14:56:01
# Copyright 2007-2016 IAR Systems AB.
#
#    Output file  =  
#        D:\STMicroelectronics\STM32Cube\WORK\STM32F407\RC522\EWARM\RC522\Exe\RC522.out
#    Map file     =  
#        D:\STMicroelectronics\STM32Cube\WORK\STM32F407\RC522\EWARM\RC522\List\RC522.map
#    Command line =  
#        D:\STMicroelectronics\STM32Cube\WORK\STM32F407\RC522\EWARM\RC522\Obj\gpio.o
#        D:\STMicroelectronics\STM32Cube\WORK\STM32F407\RC522\EWARM\RC522\Obj\main.o
#        D:\STMicroelectronics\STM32Cube\WORK\STM32F407\RC522\EWARM\RC522\Obj\RC522.o
#        D:\STMicroelectronics\STM32Cube\WORK\STM32F407\RC522\EWARM\RC522\Obj\spi.o
#        D:\STMicroelectronics\STM32Cube\WORK\STM32F407\RC522\EWARM\RC522\Obj\startup_stm32f407xx.o
#        D:\STMicroelectronics\STM32Cube\WORK\STM32F407\RC522\EWARM\RC522\Obj\stm32f4xx_hal.o
#        D:\STMicroelectronics\STM32Cube\WORK\STM32F407\RC522\EWARM\RC522\Obj\stm32f4xx_hal_cortex.o
#        D:\STMicroelectronics\STM32Cube\WORK\STM32F407\RC522\EWARM\RC522\Obj\stm32f4xx_hal_dma.o
#        D:\STMicroelectronics\STM32Cube\WORK\STM32F407\RC522\EWARM\RC522\Obj\stm32f4xx_hal_dma_ex.o
#        D:\STMicroelectronics\STM32Cube\WORK\STM32F407\RC522\EWARM\RC522\Obj\stm32f4xx_hal_flash.o
#        D:\STMicroelectronics\STM32Cube\WORK\STM32F407\RC522\EWARM\RC522\Obj\stm32f4xx_hal_flash_ex.o
#        D:\STMicroelectronics\STM32Cube\WORK\STM32F407\RC522\EWARM\RC522\Obj\stm32f4xx_hal_flash_ramfunc.o
#        D:\STMicroelectronics\STM32Cube\WORK\STM32F407\RC522\EWARM\RC522\Obj\stm32f4xx_hal_gpio.o
#        D:\STMicroelectronics\STM32Cube\WORK\STM32F407\RC522\EWARM\RC522\Obj\stm32f4xx_hal_msp.o
#        D:\STMicroelectronics\STM32Cube\WORK\STM32F407\RC522\EWARM\RC522\Obj\stm32f4xx_hal_pwr.o
#        D:\STMicroelectronics\STM32Cube\WORK\STM32F407\RC522\EWARM\RC522\Obj\stm32f4xx_hal_pwr_ex.o
#        D:\STMicroelectronics\STM32Cube\WORK\STM32F407\RC522\EWARM\RC522\Obj\stm32f4xx_hal_rcc.o
#        D:\STMicroelectronics\STM32Cube\WORK\STM32F407\RC522\EWARM\RC522\Obj\stm32f4xx_hal_rcc_ex.o
#        D:\STMicroelectronics\STM32Cube\WORK\STM32F407\RC522\EWARM\RC522\Obj\stm32f4xx_hal_spi.o
#        D:\STMicroelectronics\STM32Cube\WORK\STM32F407\RC522\EWARM\RC522\Obj\stm32f4xx_hal_tim.o
#        D:\STMicroelectronics\STM32Cube\WORK\STM32F407\RC522\EWARM\RC522\Obj\stm32f4xx_hal_tim_ex.o
#        D:\STMicroelectronics\STM32Cube\WORK\STM32F407\RC522\EWARM\RC522\Obj\stm32f4xx_hal_uart.o
#        D:\STMicroelectronics\STM32Cube\WORK\STM32F407\RC522\EWARM\RC522\Obj\stm32f4xx_it.o
#        D:\STMicroelectronics\STM32Cube\WORK\STM32F407\RC522\EWARM\RC522\Obj\system_stm32f4xx.o
#        D:\STMicroelectronics\STM32Cube\WORK\STM32F407\RC522\EWARM\RC522\Obj\usart.o
#        --redirect _Printf=_PrintfFull --redirect _Scanf=_ScanfFull -o
#        D:\STMicroelectronics\STM32Cube\WORK\STM32F407\RC522\EWARM\RC522\Exe\RC522.out
#        --map
#        D:\STMicroelectronics\STM32Cube\WORK\STM32F407\RC522\EWARM\RC522\List\RC522.map
#        --config
#        D:\STMicroelectronics\STM32Cube\WORK\STM32F407\RC522\EWARM/stm32f407xx_flash.icf
#        --semihosting --entry __iar_program_start --vfe
#
###############################################################################

*******************************************************************************
*** RUNTIME MODEL ATTRIBUTES
***

CppFlavor                     = *
__Heap_Handler                = Basic
__SystemLibrary               = DLib
__dlib_dynamic_initialization = normal


*******************************************************************************
*** PLACEMENT SUMMARY
***

"A0":  place at 0x08000000 { ro section .intvec };
"P1":  place in [from 0x08000000 to 0x080fffff] { ro };
"P2":  place in [from 0x20000000 to 0x2001ffff] { rw, block CSTACK, block HEAP };
initialize by copy { rw };

  Section             Kind        Address    Size  Object
  -------             ----        -------    ----  ------
"A0":                                       0x188
  .intvec             ro code  0x08000000   0x188  startup_stm32f407xx.o [1]
                             - 0x08000188   0x188

"P1":                                      0x51d1
  .text               ro code  0x08000188  0x118a  xprintffull.o [3]
  .text               ro code  0x08001312    0x20  xmbtowc.o [3]
  .text               ro code  0x08001334    0x16  strchr.o [5]
  .text               ro code  0x0800134c    0x36  strlen.o [5]
  .text               ro code  0x08001384    0x58  memchr.o [5]
  .text               ro code  0x080013dc     0xa  xmbcurmax.o [3]
  .text               ro code  0x080013e8    0xb0  xxmemxmalloc.o [3]
  .text               ro code  0x08001498    0x1a  xwctomb.o [3]
  .text               ro code  0x080014b4    0x76  ABImemcpy_unaligned.o [5]
  .text               ro code  0x0800152c    0x80  xxmemxfree.o [3]
  .text               ro code  0x080015ac    0xee  I64DivMod.o [5]
  .text               ro code  0x0800169a    0x44  xdnorm.o [4]
  .text               ro code  0x080016e0    0x2e  DblCmpLe.o [4]
  .text               ro code  0x08001710    0x2e  DblCmpGe.o [4]
  .text               ro code  0x08001740   0x114  xdscale.o [4]
  .text               ro code  0x08001854    0x58  DblToI32.o [4]
  .text               ro code  0x080018ac    0x30  I32ToDbl.o [4]
  .text               ro code  0x080018dc   0x180  DblSub.o [4]
  .text               ro code  0x08001a5c   0x1a2  DblMul.o [4]
  .text               ro code  0x08001c00   0x256  DblDiv.o [4]
  .text               ro code  0x08001e58    0x6c  localeconv.o [3]
  .text               ro code  0x08001ec4     0xe  div.o [3]
  .text               ro code  0x08001ed4    0x14  setlocale.o [3]
  .text               ro code  0x08001ee8    0x60  xencoding_sb.o [3]
  .text               ro code  0x08001f48    0x2c  xgetmemchunk.o [3]
  .text               ro code  0x08001f74     0x2  I64DivZer.o [5]
  .text               ro code  0x08001f78    0xd4  DblAdd.o [4]
  .text               ro code  0x0800204c     0x2  xtls.o [3]
  .text               ro code  0x08002050   0x842  stm32f4xx_hal_spi.o [1]
  .text               ro code  0x08002894   0x2d0  main.o [1]
  .text               ro code  0x08002b64    0xb8  spi.o [1]
  .text               ro code  0x08002c1c     0xc  stm32f4xx_hal.o [1]
  .text               ro code  0x08002c28    0x40  stm32f4xx_hal.o [1]
  .text               ro code  0x08002c68   0x1c4  gpio.o [1]
  .text               ro code  0x08002e2c    0xb8  usart.o [1]
  .text               ro code  0x08002ee4    0x24  printf.o [3]
  .text               ro code  0x08002f08   0x62a  RC522.o [1]
  .text               ro code  0x08003532    0x1a  stm32f4xx_hal.o [1]
  .text               ro code  0x0800354c    0x14  memset.o [3]
  .text               ro code  0x08003560   0x44c  stm32f4xx_hal_rcc.o [1]
  .text               ro code  0x080039ac   0x3f0  stm32f4xx_hal_rcc.o [1]
  .text               ro code  0x08003d9c   0x1a6  stm32f4xx_hal_cortex.o [1]
  .text               ro code  0x08003f44   0x4d0  stm32f4xx_hal_gpio.o [1]
  .text               ro code  0x08004414    0x28  stm32f4xx_hal.o [1]
  .text               ro code  0x0800443c    0x5e  stm32f4xx_hal_msp.o [1]
  .text               ro code  0x0800449c   0x644  stm32f4xx_hal_uart.o [1]
  .text               ro code  0x08004ae0    0x66  ABImemset.o [5]
  .text               ro code  0x08004b46     0x2  stm32f4xx_hal_rcc.o [1]
  .rodata             const    0x08004b48    0x70  stm32f4xx_hal_cortex.o [1]
  .rodata             const    0x08004bb8    0x6c  stm32f4xx_hal_gpio.o [1]
  .rodata             const    0x08004c24    0x6c  stm32f4xx_hal_rcc.o [1]
  .rodata             const    0x08004c90    0x6c  stm32f4xx_hal_spi.o [1]
  .rodata             const    0x08004cfc    0x6c  stm32f4xx_hal_uart.o [1]
  .text               ro code  0x08004d68    0x6c  system_stm32f4xx.o [1]
  .rodata             const    0x08004dd4    0x54  main.o [1]
  .rodata             const    0x08004e28    0x54  main.o [1]
  .rodata             const    0x08004e7c    0x54  main.o [1]
  .rodata             const    0x08004ed0    0x54  main.o [1]
  .text               ro code  0x08004f24    0x40  zero_init3.o [5]
  .text               ro code  0x08004f64    0x38  packbits_init_single.o [5]
  .text               ro code  0x08004f9c    0x28  data_init.o [5]
  .rodata             const    0x08004fc4    0x24  main.o [1]
  .text               ro code  0x08004fe8    0x22  stm32f4xx_it.o [1]
  .text               ro code  0x0800500c    0x10  stm32f4xx_hal.o [1]
  .text               ro code  0x0800501c    0x22  fpinit_M.o [4]
  .iar.init_table     const    0x08005040    0x20  - Linker created -
  .text               ro code  0x08005060    0x1a  cmain.o [5]
  .text               ro code  0x0800507a     0x4  low_level_init.o [3]
  .text               ro code  0x0800507e     0x4  exit.o [3]
  .text               ro code  0x08005084     0xa  cexit.o [5]
  .text               ro code  0x08005090    0x14  exit.o [6]
  .text               ro code  0x080050a4    0x16  xprout.o [3]
  .text               ro code  0x080050bc     0xc  putchar.o [3]
  .rodata             const    0x080050c8    0x14  main.o [1]
  .rodata             const    0x080050dc    0x14  main.o [1]
  .rodata             const    0x080050f0    0x14  main.o [1]
  .rodata             const    0x08005104    0x14  main.o [1]
  .rodata             const    0x08005118    0x14  main.o [1]
  .rodata             const    0x0800512c    0x14  main.o [1]
  .rodata             const    0x08005140    0x14  main.o [1]
  .rodata             const    0x08005154    0x14  main.o [1]
  .rodata             const    0x08005168    0x14  main.o [1]
  .rodata             const    0x0800517c    0x10  main.o [1]
  .rodata             const    0x0800518c    0x10  main.o [1]
  .rodata             const    0x0800519c    0x10  stm32f4xx_hal_rcc.o [1]
  .text               ro code  0x080051ac    0x10  startup_stm32f407xx.o [1]
  .rodata             const    0x080051bc     0xc  main.o [1]
  .text               ro code  0x080051c8     0xc  cstartup_M.o [5]
  .rodata             const    0x080051d4     0x8  main.o [1]
  .rodata             const    0x080051dc     0x8  main.o [1]
  .text               ro code  0x080051e4     0x4  startup_stm32f407xx.o [1]
  .text               ro code  0x080051e8     0x4  startup_stm32f407xx.o [1]
  .text               ro code  0x080051ec     0x4  startup_stm32f407xx.o [1]
  .text               ro code  0x080051f0     0x4  startup_stm32f407xx.o [1]
  .text               ro code  0x080051f4     0x4  startup_stm32f407xx.o [1]
  .text               ro code  0x080051f8     0x4  startup_stm32f407xx.o [1]
  .text               ro code  0x080051fc     0x4  startup_stm32f407xx.o [1]
  .text               ro code  0x08005200     0x4  startup_stm32f407xx.o [1]
  .text               ro code  0x08005204     0x4  startup_stm32f407xx.o [1]
  .text               ro code  0x08005208     0x4  startup_stm32f407xx.o [1]
  .text               ro code  0x0800520c     0x4  startup_stm32f407xx.o [1]
  .text               ro code  0x08005210     0x4  startup_stm32f407xx.o [1]
  .text               ro code  0x08005214     0x4  startup_stm32f407xx.o [1]
  .text               ro code  0x08005218     0x4  startup_stm32f407xx.o [1]
  .text               ro code  0x0800521c     0x4  startup_stm32f407xx.o [1]
  .text               ro code  0x08005220     0x4  startup_stm32f407xx.o [1]
  .text               ro code  0x08005224     0x4  startup_stm32f407xx.o [1]
  .text               ro code  0x08005228     0x4  startup_stm32f407xx.o [1]
  .text               ro code  0x0800522c     0x4  startup_stm32f407xx.o [1]
  .text               ro code  0x08005230     0x4  startup_stm32f407xx.o [1]
  .text               ro code  0x08005234     0x4  startup_stm32f407xx.o [1]
  .text               ro code  0x08005238     0x4  startup_stm32f407xx.o [1]
  .text               ro code  0x0800523c     0x4  startup_stm32f407xx.o [1]
  .text               ro code  0x08005240     0x4  startup_stm32f407xx.o [1]
  .text               ro code  0x08005244     0x4  startup_stm32f407xx.o [1]
  .text               ro code  0x08005248     0x4  startup_stm32f407xx.o [1]
  .text               ro code  0x0800524c     0x4  startup_stm32f407xx.o [1]
  .text               ro code  0x08005250     0x4  startup_stm32f407xx.o [1]
  .text               ro code  0x08005254     0x4  startup_stm32f407xx.o [1]
  .text               ro code  0x08005258     0x4  startup_stm32f407xx.o [1]
  .text               ro code  0x0800525c     0x4  startup_stm32f407xx.o [1]
  .text               ro code  0x08005260     0x4  startup_stm32f407xx.o [1]
  .text               ro code  0x08005264     0x4  startup_stm32f407xx.o [1]
  .text               ro code  0x08005268     0x4  startup_stm32f407xx.o [1]
  .text               ro code  0x0800526c     0x4  startup_stm32f407xx.o [1]
  .text               ro code  0x08005270     0x4  startup_stm32f407xx.o [1]
  .text               ro code  0x08005274     0x4  startup_stm32f407xx.o [1]
  .text               ro code  0x08005278     0x4  startup_stm32f407xx.o [1]
  .text               ro code  0x0800527c     0x4  startup_stm32f407xx.o [1]
  .text               ro code  0x08005280     0x4  startup_stm32f407xx.o [1]
  .text               ro code  0x08005284     0x4  startup_stm32f407xx.o [1]
  .text               ro code  0x08005288     0x4  startup_stm32f407xx.o [1]
  .text               ro code  0x0800528c     0x4  startup_stm32f407xx.o [1]
  .text               ro code  0x08005290     0x4  startup_stm32f407xx.o [1]
  .text               ro code  0x08005294     0x4  startup_stm32f407xx.o [1]
  .text               ro code  0x08005298     0x4  startup_stm32f407xx.o [1]
  .text               ro code  0x0800529c     0x4  startup_stm32f407xx.o [1]
  .text               ro code  0x080052a0     0x4  startup_stm32f407xx.o [1]
  .text               ro code  0x080052a4     0x4  startup_stm32f407xx.o [1]
  .text               ro code  0x080052a8     0x4  startup_stm32f407xx.o [1]
  .text               ro code  0x080052ac     0x4  startup_stm32f407xx.o [1]
  .text               ro code  0x080052b0     0x4  startup_stm32f407xx.o [1]
  .text               ro code  0x080052b4     0x4  startup_stm32f407xx.o [1]
  .text               ro code  0x080052b8     0x4  startup_stm32f407xx.o [1]
  .text               ro code  0x080052bc     0x4  startup_stm32f407xx.o [1]
  .text               ro code  0x080052c0     0x4  startup_stm32f407xx.o [1]
  .text               ro code  0x080052c4     0x4  startup_stm32f407xx.o [1]
  .text               ro code  0x080052c8     0x4  startup_stm32f407xx.o [1]
  .text               ro code  0x080052cc     0x4  startup_stm32f407xx.o [1]
  .text               ro code  0x080052d0     0x4  startup_stm32f407xx.o [1]
  .text               ro code  0x080052d4     0x4  startup_stm32f407xx.o [1]
  .text               ro code  0x080052d8     0x4  startup_stm32f407xx.o [1]
  .text               ro code  0x080052dc     0x4  startup_stm32f407xx.o [1]
  .text               ro code  0x080052e0     0x4  startup_stm32f407xx.o [1]
  .text               ro code  0x080052e4     0x4  startup_stm32f407xx.o [1]
  .text               ro code  0x080052e8     0x4  startup_stm32f407xx.o [1]
  .text               ro code  0x080052ec     0x4  startup_stm32f407xx.o [1]
  .text               ro code  0x080052f0     0x4  startup_stm32f407xx.o [1]
  .text               ro code  0x080052f4     0x4  startup_stm32f407xx.o [1]
  .text               ro code  0x080052f8     0x4  startup_stm32f407xx.o [1]
  .text               ro code  0x080052fc     0x4  startup_stm32f407xx.o [1]
  .text               ro code  0x08005300     0x4  startup_stm32f407xx.o [1]
  .text               ro code  0x08005304     0x4  startup_stm32f407xx.o [1]
  .text               ro code  0x08005308     0x4  startup_stm32f407xx.o [1]
  .text               ro code  0x0800530c     0x4  startup_stm32f407xx.o [1]
  .text               ro code  0x08005310     0x4  startup_stm32f407xx.o [1]
  .text               ro code  0x08005314     0x4  startup_stm32f407xx.o [1]
  .text               ro code  0x08005318     0x4  startup_stm32f407xx.o [1]
  .text               ro code  0x0800531c     0x4  startup_stm32f407xx.o [1]
  .text               ro code  0x08005320     0x4  startup_stm32f407xx.o [1]
  .text               ro code  0x08005324     0x4  startup_stm32f407xx.o [1]
  .rodata             const    0x08005328     0x0  zero_init3.o [5]
  .rodata             const    0x08005328     0x0  packbits_init_single.o [5]
  Initializer bytes   const    0x08005328    0x31  <for P2-1>
                             - 0x08005359  0x51d1

"P2", part 1 of 3:                          0x140
  P2-1                         0x20000000   0x140  <Init block>
    .data             inited   0x20000000     0x4  system_stm32f4xx.o [1]
    .data             inited   0x20000004    0x40  xfiles.o [3]
    __DLIB_PERTHREAD  inited   0x20000044    0x88  localeconv.o [3]
    __DLIB_PERTHREAD  inited   0x200000cc    0x74  setlocale.o [3]
                             - 0x20000140   0x140

"P2", part 2 of 3:                          0x600
  CSTACK                       0x20000140   0x400  <Block>
    CSTACK            uninit   0x20000140   0x400  <Block tail>
  HEAP                         0x20000540   0x200  <Block>
    HEAP              uninit   0x20000540   0x200  <Block tail>
                             - 0x20000740   0x600

"P2", part 3 of 3:                           0xf8
  .bss                zero     0x20000740    0x58  spi.o [1]
  .bss                zero     0x20000798    0x50  xfiles.o [3]
  .bss                zero     0x200007e8    0x40  usart.o [1]
  .bss                zero     0x20000828     0x8  xxmemxmalloc.o [3]
  .bss                zero     0x20000830     0x4  stm32f4xx_hal.o [1]
  .bss                zero     0x20000834     0x4  xgetmemchunk.o [3]
                             - 0x20000838    0xf8


*******************************************************************************
*** INIT TABLE
***

          Address     Size
          -------     ----
Zero (__iar_zero_init3)
    1 destination range, total size 0xf8:
          0x20000740   0xf8

Copy/packbits (__iar_packbits_init_single3)
    1 source range, total size 0x31 (15% of destination):
          0x08005328   0x31
    1 destination range, total size 0x140:
          0x20000000  0x140



*******************************************************************************
*** MODULE SUMMARY
***

    Module                  ro code  ro data  rw data
    ------                  -------  -------  -------
D:\STMicroelectronics\STM32Cube\WORK\STM32F407\RC522\EWARM\RC522\Obj: [1]
    RC522.o                   1 578
    gpio.o                      452
    main.o                      720      612
    spi.o                       184                88
    startup_stm32f407xx.o       732
    stm32f4xx_hal.o             158                 4
    stm32f4xx_hal_cortex.o      422      112
    stm32f4xx_hal_gpio.o      1 232      108
    stm32f4xx_hal_msp.o          94
    stm32f4xx_hal_rcc.o       2 110      124
    stm32f4xx_hal_spi.o       2 114      108
    stm32f4xx_hal_uart.o      1 604      108
    stm32f4xx_it.o               34
    system_stm32f4xx.o          108                 4
    usart.o                     184                64
    -------------------------------------------------
    Total:                   11 726    1 172      160

command line: [2]
    -------------------------------------------------
    Total:

dl7M_tlf.a: [3]
    div.o                        14
    exit.o                        4
    localeconv.o                108       21      136
    low_level_init.o              4
    memset.o                     20
    printf.o                     36
    putchar.o                    12
    setlocale.o                  20       18      116
    xencoding_sb.o               96
    xfiles.o                              10      144
    xgetmemchunk.o               44                 4
    xmbcurmax.o                  10
    xmbtowc.o                    32
    xprintffull.o             4 490
    xprout.o                     22
    xtls.o                        2
    xwctomb.o                    26
    xxmemxfree.o                128
    xxmemxmalloc.o              176                 8
    -------------------------------------------------
    Total:                    5 244       49      408

m7M_tls.a: [4]
    DblAdd.o                    212
    DblCmpGe.o                   46
    DblCmpLe.o                   46
    DblDiv.o                    598
    DblMul.o                    418
    DblSub.o                    384
    DblToI32.o                   88
    I32ToDbl.o                   48
    fpinit_M.o                   34
    xdnorm.o                     68
    xdscale.o                   276
    -------------------------------------------------
    Total:                    2 218

rt7M_tl.a: [5]
    ABImemcpy_unaligned.o       118
    ABImemset.o                 102
    I64DivMod.o                 238
    I64DivZer.o                   2
    cexit.o                      10
    cmain.o                      26
    cstartup_M.o                 12
    data_init.o                  40
    memchr.o                     88
    packbits_init_single.o       56
    strchr.o                     22
    strlen.o                     54
    zero_init3.o                 64
    -------------------------------------------------
    Total:                      832

shb_l.a: [6]
    exit.o                       20
    -------------------------------------------------
    Total:                       20

    Gaps                         42        2
    Linker created                        32    1 536
-----------------------------------------------------
    Grand Total:             20 082    1 255    2 104


*******************************************************************************
*** ENTRY LIST
***

Entry                      Address   Size  Type      Object
-----                      -------   ----  ----      ------
.iar.init_table$$Base   0x08005040          --   Gb  - Linker created -
.iar.init_table$$Limit  0x08005060          --   Gb  - Linker created -
?main                   0x08005061         Code  Gb  cmain.o [5]
APBAHBPrescTable        0x0800519c   0x10  Data  Gb  stm32f4xx_hal_rcc.o [1]
BusFault_Handler        0x08004ff5    0x2  Code  Gb  stm32f4xx_it.o [1]
CSTACK$$Base            0x20000140          --   Gb  - Linker created -
CSTACK$$Limit           0x20000540          --   Gb  - Linker created -
CalulateCRC             0x08003197   0x80  Code  Gb  RC522.o [1]
ClearBitMask            0x0800336f   0x22  Code  Gb  RC522.o [1]
DebugMon_Handler        0x08004ffb    0x2  Code  Gb  stm32f4xx_it.o [1]
Error_Handler           0x08002b61    0x2  Code  Gb  main.o [1]
HAL_Delay               0x08003533   0x1a  Code  Wk  stm32f4xx_hal.o [1]
HAL_GPIO_Init           0x08003f45  0x434  Code  Gb  stm32f4xx_hal_gpio.o [1]
HAL_GPIO_WritePin       0x08004379   0x42  Code  Gb  stm32f4xx_hal_gpio.o [1]
HAL_GetTick             0x08002c1d    0xc  Code  Wk  stm32f4xx_hal.o [1]
HAL_IncTick             0x0800500d   0x10  Code  Wk  stm32f4xx_hal.o [1]
HAL_Init                0x08002c29   0x3a  Code  Gb  stm32f4xx_hal.o [1]
HAL_InitTick            0x08004415   0x28  Code  Wk  stm32f4xx_hal.o [1]
HAL_MspInit             0x0800443d   0x5e  Code  Gb  stm32f4xx_hal_msp.o [1]
HAL_NVIC_SetPriority    0x08003e95   0x42  Code  Gb  stm32f4xx_hal_cortex.o [1]
HAL_NVIC_SetPriorityGrouping
                        0x08003e6b   0x2a  Code  Gb  stm32f4xx_hal_cortex.o [1]
HAL_RCC_CSSCallback     0x08004b47    0x2  Code  Wk  stm32f4xx_hal_rcc.o [1]
HAL_RCC_ClockConfig     0x080039ad  0x2b0  Code  Gb  stm32f4xx_hal_rcc.o [1]
HAL_RCC_EnableCSS       0x08003c5d    0x8  Code  Gb  stm32f4xx_hal_rcc.o [1]
HAL_RCC_GetHCLKFreq     0x08003c65    0x6  Code  Gb  stm32f4xx_hal_rcc.o [1]
HAL_RCC_GetPCLK1Freq    0x08003c6b   0x20  Code  Gb  stm32f4xx_hal_rcc.o [1]
HAL_RCC_GetPCLK2Freq    0x08003c8b   0x20  Code  Gb  stm32f4xx_hal_rcc.o [1]
HAL_RCC_GetSysClockFreq
                        0x08003ce5   0xb8  Code  Wk  stm32f4xx_hal_rcc.o [1]
HAL_RCC_NMI_IRQHandler  0x08003cab   0x16  Code  Gb  stm32f4xx_hal_rcc.o [1]
HAL_RCC_OscConfig       0x08003561  0x44c  Code  Wk  stm32f4xx_hal_rcc.o [1]
HAL_SPI_Init            0x08002051  0x1ce  Code  Gb  stm32f4xx_hal_spi.o [1]
HAL_SPI_MspInit         0x08002bc3   0x4a  Code  Gb  spi.o [1]
HAL_SPI_Receive         0x080023f3  0x178  Code  Gb  stm32f4xx_hal_spi.o [1]
HAL_SPI_Transmit        0x0800221f  0x1d4  Code  Gb  stm32f4xx_hal_spi.o [1]
HAL_SPI_TransmitReceive
                        0x0800256b  0x24a  Code  Gb  stm32f4xx_hal_spi.o [1]
HAL_SYSTICK_CLKSourceConfig
                        0x08003ee3   0x36  Code  Gb  stm32f4xx_hal_cortex.o [1]
HAL_SYSTICK_Callback    0x08003f41    0x2  Code  Wk  stm32f4xx_hal_cortex.o [1]
HAL_SYSTICK_Config      0x08003ed7    0xc  Code  Gb  stm32f4xx_hal_cortex.o [1]
HAL_SYSTICK_IRQHandler  0x08003f39    0x8  Code  Gb  stm32f4xx_hal_cortex.o [1]
HAL_UART_Init           0x0800449d  0x14e  Code  Gb  stm32f4xx_hal_uart.o [1]
HAL_UART_MspInit        0x08002e71   0x4c  Code  Gb  usart.o [1]
HAL_UART_Transmit       0x080045eb   0xde  Code  Gb  stm32f4xx_hal_uart.o [1]
HEAP$$Base              0x20000540          --   Gb  - Linker created -
HEAP$$Limit             0x20000740          --   Gb  - Linker created -
HardFault_Handler       0x08004ff1    0x2  Code  Gb  stm32f4xx_it.o [1]
LoadInt                 0x080007ef   0x6e  Code  Lc  xprintffull.o [3]
MX_GPIO_Init            0x08002c69  0x1c4  Code  Gb  gpio.o [1]
MX_SPI1_Init            0x08002b65   0x5e  Code  Gb  spi.o [1]
MX_USART1_UART_Init     0x08002e2d   0x44  Code  Gb  usart.o [1]
MemManage_Handler       0x08004ff3    0x2  Code  Gb  stm32f4xx_it.o [1]
NMI_Handler             0x08004fe9    0x8  Code  Gb  stm32f4xx_it.o [1]
NVIC_EncodePriority     0x08003df7   0x3e  Code  Lc  stm32f4xx_hal_cortex.o [1]
NVIC_GetPriorityGrouping
                        0x08003dc1    0xc  Code  Lc  stm32f4xx_hal_cortex.o [1]
NVIC_SetPriority        0x08003dcd   0x2a  Code  Lc  stm32f4xx_hal_cortex.o [1]
NVIC_SetPriorityGrouping
                        0x08003d9d   0x24  Code  Lc  stm32f4xx_hal_cortex.o [1]
PcdAntennaOff           0x08003527    0xc  Code  Gb  RC522.o [1]
PcdAntennaOn            0x0800350d   0x1a  Code  Gb  RC522.o [1]
PcdAnticoll             0x08002f65   0x86  Code  Gb  RC522.o [1]
PcdAuthState            0x0800306f   0x96  Code  Gb  RC522.o [1]
PcdComMF522             0x08003391  0x17c  Code  Gb  RC522.o [1]
PcdHalt                 0x08003165   0x32  Code  Gb  RC522.o [1]
PcdRead                 0x08003105   0x60  Code  Gb  RC522.o [1]
PcdRequest              0x08002f09   0x5c  Code  Gb  RC522.o [1]
PcdReset                0x08003217   0x84  Code  Gb  RC522.o [1]
PcdSelect               0x08002feb   0x84  Code  Gb  RC522.o [1]
PendSV_Handler          0x08004ffd    0x2  Code  Gb  stm32f4xx_it.o [1]
ReadRawRC               0x0800329b   0x5c  Code  Gb  RC522.o [1]
Region$$Table$$Base     0x08005040          --   Gb  - Linker created -
Region$$Table$$Limit    0x08005060          --   Gb  - Linker created -
SPI_CheckFlag_BSY       0x08002867   0x2c  Code  Lc  stm32f4xx_hal_spi.o [1]
SPI_WaitFlagStateUntilTimeout
                        0x080027c5   0xa2  Code  Lc  stm32f4xx_hal_spi.o [1]
SVC_Handler             0x08004ff9    0x2  Code  Gb  stm32f4xx_it.o [1]
SetBitMask              0x0800334d   0x22  Code  Gb  RC522.o [1]
SysTick_Config          0x08003e35   0x36  Code  Lc  stm32f4xx_hal_cortex.o [1]
SysTick_Handler         0x08004fff    0xc  Code  Gb  stm32f4xx_it.o [1]
SystemClock_Config      0x08002a3f   0xc0  Code  Gb  main.o [1]
SystemCoreClock         0x20000000    0x4  Data  Gb  system_stm32f4xx.o [1]
SystemInit              0x08004d69   0x4c  Code  Gb  system_stm32f4xx.o [1]
UART_SetConfig          0x08004755  0x376  Code  Lc  stm32f4xx_hal_uart.o [1]
UART_WaitOnFlagUntilTimeout
                        0x080046e5   0x70  Code  Lc  stm32f4xx_hal_uart.o [1]
UsageFault_Handler      0x08004ff7    0x2  Code  Gb  stm32f4xx_it.o [1]
WriteRawRC              0x080032f7   0x4c  Code  Gb  RC522.o [1]
_EncodingSb_Mbtowc      0x08001f03   0x30  Code  Gb  xencoding_sb.o [3]
_EncodingSb_Mbtowc::initial
                        0x08001f40    0x8  Data  Lc  xencoding_sb.o [3]
_EncodingSb_Wctomb      0x08001ee9   0x1a  Code  Gb  xencoding_sb.o [3]
_EncodingSb_Wctomb::initial
                        0x08001f38    0x8  Data  Lc  xencoding_sb.o [3]
_GenldFull              0x08001075  0x254  Code  Lc  xprintffull.o [3]
_IsdstStr               0x200000d0    0x4  Data  Gb  setlocale.o [3]
_LdtobFull              0x08000c75  0x3fa  Code  Lc  xprintffull.o [3]
_LitobFull              0x08000b69  0x10a  Code  Lc  xprintffull.o [3]
_LocaleEncoding         0x08001ed5    0xe  Code  Gb  setlocale.o [3]
_LocaleReturnString     0x200000f0   0x50  Data  Lc  setlocale.o [3]
_Locale_Profile         0x200000d4   0x1c  Data  Gb  setlocale.o [3]
_Locale_aeabi_lconv     0x20000094   0x38  Data  Gb  localeconv.o [3]
_Locale_lconv           0x20000044   0x50  Data  Gb  localeconv.o [3]
_Mbtowc                 0x08001313   0x20  Code  Gb  xmbtowc.o [3]
_PrintfFull             0x08000189  0x650  Code  Gb  xprintffull.o [3]
_Prout                  0x080050a5   0x16  Code  Gb  xprout.o [3]
_PutcharsFull           0x080012c9   0x2e  Code  Lc  xprintffull.o [3]
_PutstrFull             0x0800085d  0x306  Code  Lc  xprintffull.o [3]
_TzoneStr               0x200000cc    0x4  Data  Gb  setlocale.o [3]
_Wctomb                 0x08001499   0x1a  Code  Gb  xwctomb.o [3]
__aeabi_cdcmple         0x080016e1         Code  Gb  DblCmpLe.o [4]
__aeabi_cdrcmple        0x08001711         Code  Gb  DblCmpGe.o [4]
__aeabi_d2iz            0x08001855         Code  Gb  DblToI32.o [4]
__aeabi_d2uiz           0x08001881         Code  Gb  DblToI32.o [4]
__aeabi_ddiv            0x08001c01         Code  Gb  DblDiv.o [4]
__aeabi_dmul            0x08001a5d         Code  Gb  DblMul.o [4]
__aeabi_dsub            0x080018dd         Code  Gb  DblSub.o [4]
__aeabi_i2d             0x080018ad         Code  Gb  I32ToDbl.o [4]
__aeabi_ldiv0           0x08001f75         Code  Gb  I64DivZer.o [5]
__aeabi_memset          0x08004ae1         Code  Gb  ABImemset.o [5]
__aeabi_ui2d            0x080018c1         Code  Gb  I32ToDbl.o [4]
__aeabi_uldivmod        0x080015ad         Code  Gb  I64DivMod.o [5]
__cmain                 0x08005061         Code  Gb  cmain.o [5]
__data_Aldata           0x20000828    0x8  Data  Gb  xxmemxmalloc.o [3]
__data_GetMemChunk      0x08001f49   0x2c  Code  Gb  xgetmemchunk.o [3]
__data_GetMemChunk::start
                        0x20000834    0x4  Data  Lc  xgetmemchunk.o [3]
__exit                  0x08005091   0x14  Code  Gb  exit.o [6]
__iar_Dnorm             0x0800169b   0x44  Code  Gb  xdnorm.o [4]
__iar_Dscale            0x08001741  0x114  Code  Gb  xdscale.o [4]
__iar_Locale_lconv_init
                        0x08001e59   0x3a  Code  Gb  localeconv.o [3]
__iar_Mbcurmax          0x080013dd    0xa  Code  Gb  xmbcurmax.o [3]
__iar_Memchr            0x08001385         Code  Gb  memchr.o [5]
__iar_Memset            0x08004ae1         Code  Gb  ABImemset.o [5]
__iar_Memset_word       0x08004ae9         Code  Gb  ABImemset.o [5]
__iar_Stdout            0x20000004   0x40  Data  Gb  xfiles.o [3]
__iar_Strchr            0x08001335         Code  Gb  strchr.o [5]
__iar_d2uiz             0x0800188d         Code  Gb  DblToI32.o [4]
__iar_dadd              0x08001f79         Code  Gb  DblAdd.o [4]
__iar_data_init3        0x08004f9d   0x28  Code  Gb  data_init.o [5]
__iar_dlib_perthread_access
                        0x0800204d    0x2  Code  Gb  xtls.o [3]
__iar_dsub              0x080018f1         Code  Gb  DblSub.o [4]
__iar_dsubStart         0x08001903         Code  Gb  DblSub.o [4]
__iar_init_vfp          0x0800501d         Code  Gb  fpinit_M.o [4]
__iar_packbits_init_single3
                        0x08004f65   0x38  Code  Gb  packbits_init_single.o [5]
__iar_program_start     0x080051c9         Code  Gb  cstartup_M.o [5]
__iar_ui2d              0x080018c5         Code  Gb  I32ToDbl.o [4]
__iar_unaligned___aeabi_memcpy
                        0x080014b5         Code  Gb  ABImemcpy_unaligned.o [5]
__iar_unaligned___aeabi_memcpy4
                        0x080014d5         Code  Gb  ABImemcpy_unaligned.o [5]
__iar_unaligned___aeabi_memcpy8
                        0x080014d5         Code  Gb  ABImemcpy_unaligned.o [5]
__iar_zero_init3        0x08004f25   0x40  Code  Gb  zero_init3.o [5]
__low_level_init        0x0800507b    0x4  Code  Gb  low_level_init.o [3]
__vector_table          0x08000000         Data  Gb  startup_stm32f407xx.o [1]
_call_main              0x0800506d         Code  Gb  cmain.o [5]
_exit                   0x08005085         Code  Gb  cexit.o [5]
_main                   0x08005077         Code  Gb  cmain.o [5]
assert_failed           0x08002b63    0x2  Code  Gb  main.o [1]
div                     0x08001ec5    0xe  Code  Gb  div.o [3]
exit                    0x0800507f    0x4  Code  Gb  exit.o [3]
fputc                   0x08002ebd   0x18  Code  Gb  usart.o [1]
free                    0x0800152d   0x7a  Code  Gb  xxmemxfree.o [3]
hspi1                   0x20000740   0x58  Data  Gb  spi.o [1]
huart1                  0x200007e8   0x40  Data  Gb  usart.o [1]
localeconv              0x08001e93   0x16  Code  Gb  localeconv.o [3]
main                    0x08002895  0x1aa  Code  Gb  main.o [1]
malloc                  0x080013e9   0xac  Code  Gb  xxmemxmalloc.o [3]
memchr                  0x08001385         Code  Gb  memchr.o [5]
memset                  0x0800354d   0x14  Code  Gb  memset.o [3]
obuf                    0x20000798   0x50  Data  Lc  xfiles.o [3]
printf                  0x08002ee5   0x24  Code  Gb  printf.o [3]
putchar                 0x080050bd    0xc  Code  Gb  putchar.o [3]
strchr                  0x08001335         Code  Gb  strchr.o [5]
strlen                  0x0800134d         Code  Gb  strlen.o [5]
uwTick                  0x20000830    0x4  Data  Gb  stm32f4xx_hal.o [1]


[1] = D:\STMicroelectronics\STM32Cube\WORK\STM32F407\RC522\EWARM\RC522\Obj
[2] = command line
[3] = dl7M_tlf.a
[4] = m7M_tls.a
[5] = rt7M_tl.a
[6] = shb_l.a

  20 082 bytes of readonly  code memory
   1 255 bytes of readonly  data memory
   2 104 bytes of readwrite data memory

Errors: none
Warnings: none
